<area shape="rect" href="demoknob.html" title="demoknob" alt="" coords="792,102,904,150">
<area shape="rect" href="atslider.html" title="atslider" alt="" coords="804,198,892,246">
<area shape="rect" href="spear2.html" title="spear2" alt="" coords="398,198,480,246">
<area shape="rect" href="elementpassdemo.html" title="elementpassdemo" alt="" coords="270,102,435,150">
<area shape="rect" href="findrespmdemo.html" title="findrespmdemo" alt="" coords="619,102,768,150">
<area shape="rect" href="linoptdemo.html" title="linoptdemo" alt="" coords="6,102,123,150">
<area shape="rect" href="ohmienvelopedemo.html" title="ohmienvelopedemo" alt="" coords="904,6,1083,54">
<area shape="rect" href="spear2rad.html" title="spear2rad" alt="" coords="936,102,1043,150">
<area shape="rect" href="talk.html" title="talk" alt="" coords="808,6,880,54">
<area shape="rect" href="trackingdemo.html" title="trackingdemo" alt="" coords="459,102,595,150">
<area shape="rect" href="latticedemo.html" title="latticedemo" alt="" coords="1107,6,1227,54">
<area shape="rect" href="sp3v81f.html" title="sp3v81f" alt="" coords="1251,6,1344,54">
<area shape="rect" href="spear2resp.html" title="spear2resp" alt="" coords="1368,6,1483,54">
<area shape="rect" href="spear3.html" title="spear3" alt="" coords="1507,6,1590,54">
