<area shape="rect" href="aperture.html" title="aperture" alt="" coords="5,6,101,54">
<area shape="rect" href="corrector.html" title="corrector" alt="" coords="125,6,227,54">
<area shape="rect" href="drift.html" title="drift" alt="" coords="251,6,323,54">
<area shape="rect" href="hmonitor.html" title="hmonitor" alt="" coords="347,6,448,54">
<area shape="rect" href="mDriftPass.html" title="mDriftPass" alt="" coords="472,6,589,54">
<area shape="rect" href="mIdentityPass.html" title="mIdentityPass" alt="" coords="613,6,752,54">
<area shape="rect" href="marker.html" title="marker" alt="" coords="776,6,864,54">
<area shape="rect" href="mexpassmethod.html" title="mexpassmethod" alt="" coords="888,6,1043,54">
<area shape="rect" href="monitor.html" title="monitor" alt="" coords="1067,6,1160,54">
<area shape="rect" href="multipole.html" title="multipole" alt="" coords="1184,6,1288,54">
<area shape="rect" href="passmethods.html" title="passmethods" alt="" coords="1312,6,1443,54">
<area shape="rect" href="quadrupole.html" title="quadrupole" alt="" coords="1467,6,1584,54">
<area shape="rect" href="rbend.html" title="rbend" alt="" coords="1608,6,1685,54">
<area shape="rect" href="rfcavity.html" title="rfcavity" alt="" coords="1709,6,1803,54">
<area shape="rect" href="sbend.html" title="sbend" alt="" coords="1827,6,1904,54">
<area shape="rect" href="sextupole.html" title="sextupole" alt="" coords="1928,6,2032,54">
<area shape="rect" href="solenoid.html" title="solenoid" alt="" coords="2056,6,2152,54">
<area shape="rect" href="vmonitor.html" title="vmonitor" alt="" coords="2176,6,2277,54">
<area shape="rect" href="wiggler.html" title="wiggler" alt="" coords="2301,6,2392,54">
